Using launch settings from e:\ERPMicroservice\src\Services\hrServicess\compensationbenefitsServices\src\CompensationBenefits.API\Properties\launchSettings.json...
Building...
e:\ERPMicroservice\src\Services\hrServicess\compensationbenefitsServices\src\CompensationBenefits.Application\CompensationBenefits.Application.csproj : warning NU1903: Package 'AutoMapper' 12.0.1 has a known high severity vulnerability, https://github.com/advisories/GHSA-rvv3-g6hj-g44x [e:\ERPMicroservice\src\Services\hrServicess\compensationbenefitsServices\src\CompensationBenefits.API\CompensationBenefits.API.csproj]
e:\ERPMicroservice\src\Services\hrServicess\compensationbenefitsServices\src\CompensationBenefits.Infrastructure\CompensationBenefits.Infrastructure.csproj : warning NU1903: Package 'AutoMapper' 12.0.1 has a known high severity vulnerability, https://github.com/advisories/GHSA-rvv3-g6hj-g44x [e:\ERPMicroservice\src\Services\hrServicess\compensationbenefitsServices\src\CompensationBenefits.API\CompensationBenefits.API.csproj]
e:\ERPMicroservice\src\Services\hrServicess\compensationbenefitsServices\src\CompensationBenefits.API\CompensationBenefits.API.csproj : warning NU1903: Package 'AutoMapper' 12.0.1 has a known high severity vulnerability, https://github.com/advisories/GHSA-rvv3-g6hj-g44x
e:\ERPMicroservice\src\Services\hrServicess\compensationbenefitsServices\src\CompensationBenefits.API\CompensationBenefits.API.csproj : warning NU1903: Package 'AutoMapper' 12.0.1 has a known high severity vulnerability, https://github.com/advisories/GHSA-rvv3-g6hj-g44x
e:\ERPMicroservice\src\Services\hrServicess\compensationbenefitsServices\src\CompensationBenefits.Application\CompensationBenefits.Application.csproj : warning NU1903: Package 'AutoMapper' 12.0.1 has a known high severity vulnerability, https://github.com/advisories/GHSA-rvv3-g6hj-g44x
e:\ERPMicroservice\src\Services\hrServicess\compensationbenefitsServices\src\CompensationBenefits.Infrastructure\CompensationBenefits.Infrastructure.csproj : warning NU1903: Package 'AutoMapper' 12.0.1 has a known high severity vulnerability, https://github.com/advisories/GHSA-rvv3-g6hj-g44x
warn: LuckyPennySoftware.MediatR.License[0]
      You do not have a valid license key for the Lucky Penny software MediatR. This is allowed for development and testing scenarios. If you are running in production you are required to have a licensed version. Please visit https://luckypennysoftware.com to obtain a valid license.
info: Microsoft.Hosting.Lifetime[14]
      Now listening on: http://localhost:5009
info: Microsoft.Hosting.Lifetime[0]
      Application started. Press Ctrl+C to shut down.
info: Microsoft.Hosting.Lifetime[0]
      Hosting environment: Development
info: Microsoft.Hosting.Lifetime[0]
      Content root path: e:\ERPMicroservice\src\Services\hrServicess\compensationbenefitsServices\src\CompensationBenefits.API
warn: Microsoft.AspNetCore.HttpsPolicy.HttpsRedirectionMiddleware[3]
      Failed to determine the https port for redirect.
info: CompensationBenefits.Application.Common.Behaviours.LoggingBehaviour[0]
      Handling GetAllSalariesQuery: GetAllSalariesQuery { }
info: CompensationBenefits.Application.Common.Behaviours.LoggingBehaviour[0]
      Handled GetAllSalariesQuery
info: CompensationBenefits.Application.Common.Behaviours.LoggingBehaviour[0]
      Handling GetSalaryByIdQuery: GetSalaryByIdQuery { SalaryId = 2001 }
info: CompensationBenefits.Application.Common.Behaviours.LoggingBehaviour[0]
      Handled GetSalaryByIdQuery
info: CompensationBenefits.Application.Common.Behaviours.LoggingBehaviour[0]
      Handling GetAllSalaryStructuresQuery: GetAllSalaryStructuresQuery { }
info: CompensationBenefits.Application.Common.Behaviours.LoggingBehaviour[0]
      Handled GetAllSalaryStructuresQuery
info: CompensationBenefits.Application.Common.Behaviours.LoggingBehaviour[0]
      Handling GetAllMediclainsQuery: GetAllMediclainsQuery { }
info: CompensationBenefits.Application.Common.Behaviours.LoggingBehaviour[0]
      Handled GetAllMediclainsQuery
info: CompensationBenefits.Application.Common.Behaviours.LoggingBehaviour[0]
      Handling CreateSalaryCommand: CreateSalaryCommand { SalaryId = 8801, SalaryType = C, SalaryCTC = 950000, SalaryStructureId = 1, SalaryFooterId = 1, CreatedBy = 1 }
info: CompensationBenefits.Application.EventHandlers.SalaryCreatedDomainEventHandler[0]
      Salary 8801 created with CTC 950000
info: CompensationBenefits.Application.Common.Behaviours.LoggingBehaviour[0]
      Handled CreateSalaryCommand
info: CompensationBenefits.Application.Common.Behaviours.LoggingBehaviour[0]
      Handling CreateSalaryStructureCommand: CreateSalaryStructureCommand { StructureId = 2002, UnitId = 1, Name = Manager Band, GradeCategory = MGR, GradeId = 3, Type = C, CtcMin = 1200000, CtcMax = 3000000, FooterId = 1, CreatedBy = 1 }
info: CompensationBenefits.Application.EventHandlers.SalaryStructureCreatedDomainEventHandler[0]
      Salary Structure 2002 'Manager Band' created
info: CompensationBenefits.Application.Common.Behaviours.LoggingBehaviour[0]
      Handled CreateSalaryStructureCommand
info: CompensationBenefits.Application.Common.Behaviours.LoggingBehaviour[0]
      Handling CreateMediclaimCommand: CreateMediclaimCommand { MediclaimId = 4001, RefName = MaxBupa 2026, Type = I, PaidBy = E, StartDate = 01-04-2026 00:00:00, CloseDate = 31-03-2027 00:00:00 }
info: CompensationBenefits.Application.EventHandlers.MediclaimUpdatedDomainEventHandler[0]
      Mediclaim 4001 updated: MaxBupa 2026
info: CompensationBenefits.Application.Common.Behaviours.LoggingBehaviour[0]
      Handled CreateMediclaimCommand
info: CompensationBenefits.Application.Common.Behaviours.LoggingBehaviour[0]
      Handling GetAllSalaryStructuresQuery: GetAllSalaryStructuresQuery { }
info: CompensationBenefits.Application.Common.Behaviours.LoggingBehaviour[0]
      Handled GetAllSalaryStructuresQuery
info: CompensationBenefits.Application.Common.Behaviours.LoggingBehaviour[0]
      Handling GetSalaryStructureByIdQuery: GetSalaryStructureByIdQuery { StructureId = 1 }
info: CompensationBenefits.Application.Common.Behaviours.LoggingBehaviour[0]
      Handled GetSalaryStructureByIdQuery
info: CompensationBenefits.Application.Common.Behaviours.LoggingBehaviour[0]
      Handling CreateSalaryStructureCommand: CreateSalaryStructureCommand { StructureId = 9999, UnitId = 1, Name = Test Band, GradeCategory = TST, GradeId = 1, Type = C, CtcMin = 500000, CtcMax = 2000000, FooterId = 1, CreatedBy = 1 }
info: CompensationBenefits.Application.EventHandlers.SalaryStructureCreatedDomainEventHandler[0]
      Salary Structure 9999 'Test Band' created
info: CompensationBenefits.Application.Common.Behaviours.LoggingBehaviour[0]
      Handled CreateSalaryStructureCommand
info: CompensationBenefits.Application.Common.Behaviours.LoggingBehaviour[0]
      Handling UpdateSalaryStructureCommand: UpdateSalaryStructureCommand { StructureId = 9999, Name = Test Band Updated, CtcMin = 500000, CtcMax = 2500000, ModifiedBy = 1 }
info: CompensationBenefits.Application.Common.Behaviours.LoggingBehaviour[0]
      Handled UpdateSalaryStructureCommand
info: CompensationBenefits.Application.Common.Behaviours.LoggingBehaviour[0]
      Handling GetAllSalariesQuery: GetAllSalariesQuery { }
info: CompensationBenefits.Application.Common.Behaviours.LoggingBehaviour[0]
      Handled GetAllSalariesQuery
info: CompensationBenefits.Application.Common.Behaviours.LoggingBehaviour[0]
      Handling CreateSalaryCommand: CreateSalaryCommand { SalaryId = 8888, SalaryType = C, SalaryCTC = 750000, SalaryStructureId = 1, SalaryFooterId = 1, CreatedBy = 1 }
info: CompensationBenefits.Application.EventHandlers.SalaryCreatedDomainEventHandler[0]
      Salary 8888 created with CTC 750000
info: CompensationBenefits.Application.Common.Behaviours.LoggingBehaviour[0]
      Handled CreateSalaryCommand
info: CompensationBenefits.Application.Common.Behaviours.LoggingBehaviour[0]
      Handling CancelSalaryCommand: CancelSalaryCommand { SalaryId = 8888, CancelledBy = 1 }
info: CompensationBenefits.Application.Common.Behaviours.LoggingBehaviour[0]
      Handled CancelSalaryCommand
info: CompensationBenefits.Application.Common.Behaviours.LoggingBehaviour[0]
      Handling GetAllMediclainsQuery: GetAllMediclainsQuery { }
info: CompensationBenefits.Application.Common.Behaviours.LoggingBehaviour[0]
      Handled GetAllMediclainsQuery
info: CompensationBenefits.Application.Common.Behaviours.LoggingBehaviour[0]
      Handling CreateMediclaimCommand: CreateMediclaimCommand { MediclaimId = 7001, RefName = Test Mediclaim, Type = F, PaidBy = C, StartDate = 01-04-2026 00:00:00, CloseDate = 31-03-2027 00:00:00 }
info: CompensationBenefits.Application.EventHandlers.MediclaimUpdatedDomainEventHandler[0]
      Mediclaim 7001 updated: Test Mediclaim
info: CompensationBenefits.Application.Common.Behaviours.LoggingBehaviour[0]
      Handled CreateMediclaimCommand
info: CompensationBenefits.Application.Common.Behaviours.LoggingBehaviour[0]
      Handling GetMobileConnectionsByEmployeeQuery: GetMobileConnectionsByEmployeeQuery { EmpSysId = 501 }
info: CompensationBenefits.Application.Common.Behaviours.LoggingBehaviour[0]
      Handled GetMobileConnectionsByEmployeeQuery
info: CompensationBenefits.Application.Common.Behaviours.LoggingBehaviour[0]
      Handling CreateMobileConnectionCommand: CreateMobileConnectionCommand { ConnId = 6001, EmpSysId = 501, Type = C, PhoneNo = 9000000001, CalendarId = 1, CreatedBy = 1, EffDate = 01-04-2026 00:00:00 }
info: CompensationBenefits.Application.Common.Behaviours.LoggingBehaviour[0]
      Handled CreateMobileConnectionCommand
info: CompensationBenefits.Application.Common.Behaviours.LoggingBehaviour[0]
      Handling GetAllSalariesQuery: GetAllSalariesQuery { }
info: CompensationBenefits.Application.Common.Behaviours.LoggingBehaviour[0]
      Handled GetAllSalariesQuery
info: CompensationBenefits.Application.Common.Behaviours.LoggingBehaviour[0]
      Handling GetAllSalaryStructuresQuery: GetAllSalaryStructuresQuery { }
info: CompensationBenefits.Application.Common.Behaviours.LoggingBehaviour[0]
      Handled GetAllSalaryStructuresQuery
info: CompensationBenefits.Application.Common.Behaviours.LoggingBehaviour[0]
      Handling GetAllSalariesQuery: GetAllSalariesQuery { }
info: CompensationBenefits.Application.Common.Behaviours.LoggingBehaviour[0]
      Handled GetAllSalariesQuery
info: CompensationBenefits.Application.Common.Behaviours.LoggingBehaviour[0]
      Handling GetAllSalaryStructuresQuery: GetAllSalaryStructuresQuery { }
info: CompensationBenefits.Application.Common.Behaviours.LoggingBehaviour[0]
      Handled GetAllSalaryStructuresQuery
info: CompensationBenefits.Application.Common.Behaviours.LoggingBehaviour[0]
      Handling GetAllMediclainsQuery: GetAllMediclainsQuery { }
info: CompensationBenefits.Application.Common.Behaviours.LoggingBehaviour[0]
      Handled GetAllMediclainsQuery
info: CompensationBenefits.Application.Common.Behaviours.LoggingBehaviour[0]
      Handling CreateSalaryCommand: CreateSalaryCommand { SalaryId = 7777, SalaryType = C, SalaryCTC = 500000, SalaryStructureId = 1, SalaryFooterId = 1, CreatedBy = 1 }
info: CompensationBenefits.Application.EventHandlers.SalaryCreatedDomainEventHandler[0]
      Salary 7777 created with CTC 500000
info: CompensationBenefits.Application.Common.Behaviours.LoggingBehaviour[0]
      Handled CreateSalaryCommand
info: CompensationBenefits.Application.Common.Behaviours.LoggingBehaviour[0]
      Handling CreateSalaryStructureCommand: CreateSalaryStructureCommand { StructureId = 7778, UnitId = 1, Name = Band X, GradeCategory = BNX, GradeId = 1, Type = C, CtcMin = 100000, CtcMax = 400000, FooterId = 1, CreatedBy = 1 }
info: CompensationBenefits.Application.EventHandlers.SalaryStructureCreatedDomainEventHandler[0]
      Salary Structure 7778 'Band X' created
info: CompensationBenefits.Application.Common.Behaviours.LoggingBehaviour[0]
      Handled CreateSalaryStructureCommand
info: CompensationBenefits.Application.Common.Behaviours.LoggingBehaviour[0]
      Handling CreateMediclaimCommand: CreateMediclaimCommand { MediclaimId = 7779, RefName = TestClaim, Type = F, PaidBy = C, StartDate = 01-04-2026 00:00:00, CloseDate = 31-03-2027 00:00:00 }
info: CompensationBenefits.Application.EventHandlers.MediclaimUpdatedDomainEventHandler[0]
      Mediclaim 7779 updated: TestClaim
info: CompensationBenefits.Application.Common.Behaviours.LoggingBehaviour[0]
      Handled CreateMediclaimCommand
info: CompensationBenefits.Application.Common.Behaviours.LoggingBehaviour[0]
      Handling GetAllSalaryStructuresQuery: GetAllSalaryStructuresQuery { }
info: CompensationBenefits.Application.Common.Behaviours.LoggingBehaviour[0]
      Handled GetAllSalaryStructuresQuery
info: CompensationBenefits.Application.Common.Behaviours.LoggingBehaviour[0]
      Handling CreateSalaryStructureCommand: CreateSalaryStructureCommand { StructureId = 9998, UnitId = 1, Name = Test Final, GradeCategory = TST, GradeId = 1, Type = C, CtcMin = 500000, CtcMax = 2000000, FooterId = 1, CreatedBy = 1 }
info: CompensationBenefits.Application.EventHandlers.SalaryStructureCreatedDomainEventHandler[0]
      Salary Structure 9998 'Test Final' created
info: CompensationBenefits.Application.Common.Behaviours.LoggingBehaviour[0]
      Handled CreateSalaryStructureCommand
info: CompensationBenefits.Application.Common.Behaviours.LoggingBehaviour[0]
      Handling UpdateSalaryStructureCommand: UpdateSalaryStructureCommand { StructureId = 9998, Name = Test Final Updated, CtcMin = 500000, CtcMax = 2500000, ModifiedBy = 1 }
info: CompensationBenefits.Application.Common.Behaviours.LoggingBehaviour[0]
      Handled UpdateSalaryStructureCommand
info: CompensationBenefits.Application.Common.Behaviours.LoggingBehaviour[0]
      Handling GetAllSalaryStructuresQuery: GetAllSalaryStructuresQuery { }
info: CompensationBenefits.Application.Common.Behaviours.LoggingBehaviour[0]
      Handled GetAllSalaryStructuresQuery
info: CompensationBenefits.Application.Common.Behaviours.LoggingBehaviour[0]
      Handling CreateSalaryStructureCommand: CreateSalaryStructureCommand { StructureId = 9997, UnitId = 1, Name = Final Test, GradeCategory = FNL, GradeId = 1, Type = C, CtcMin = 500000, CtcMax = 2000000, FooterId = 1, CreatedBy = 1 }
info: CompensationBenefits.Application.EventHandlers.SalaryStructureCreatedDomainEventHandler[0]
      Salary Structure 9997 'Final Test' created
info: CompensationBenefits.Application.Common.Behaviours.LoggingBehaviour[0]
      Handled CreateSalaryStructureCommand
info: CompensationBenefits.Application.Common.Behaviours.LoggingBehaviour[0]
      Handling GetAllSalariesQuery: GetAllSalariesQuery { }
info: CompensationBenefits.Application.Common.Behaviours.LoggingBehaviour[0]
      Handled GetAllSalariesQuery
info: CompensationBenefits.Application.Common.Behaviours.LoggingBehaviour[0]
      Handling CreateSalaryCommand: CreateSalaryCommand { SalaryId = 8877, SalaryType = F, SalaryCTC = 600000, SalaryStructureId = 1, SalaryFooterId = 1, CreatedBy = 1 }
info: CompensationBenefits.Application.EventHandlers.SalaryCreatedDomainEventHandler[0]
      Salary 8877 created with CTC 600000
info: CompensationBenefits.Application.Common.Behaviours.LoggingBehaviour[0]
      Handled CreateSalaryCommand
info: CompensationBenefits.Application.Common.Behaviours.LoggingBehaviour[0]
      Handling CancelSalaryCommand: CancelSalaryCommand { SalaryId = 8877, CancelledBy = 1 }
info: CompensationBenefits.Application.Common.Behaviours.LoggingBehaviour[0]
      Handled CancelSalaryCommand
info: CompensationBenefits.Application.Common.Behaviours.LoggingBehaviour[0]
      Handling GetAllMediclainsQuery: GetAllMediclainsQuery { }
info: CompensationBenefits.Application.Common.Behaviours.LoggingBehaviour[0]
      Handled GetAllMediclainsQuery
info: CompensationBenefits.Application.Common.Behaviours.LoggingBehaviour[0]
      Handling CreateMediclaimCommand: CreateMediclaimCommand { MediclaimId = 6011, RefName = Final Mediclaim, Type = F, PaidBy = C, StartDate = 01-04-2026 00:00:00, CloseDate = 31-03-2027 00:00:00 }
info: CompensationBenefits.Application.EventHandlers.MediclaimUpdatedDomainEventHandler[0]
      Mediclaim 6011 updated: Final Mediclaim
info: CompensationBenefits.Application.Common.Behaviours.LoggingBehaviour[0]
      Handled CreateMediclaimCommand
info: CompensationBenefits.Application.Common.Behaviours.LoggingBehaviour[0]
      Handling GetMobileConnectionsByEmployeeQuery: GetMobileConnectionsByEmployeeQuery { EmpSysId = 501 }
info: CompensationBenefits.Application.Common.Behaviours.LoggingBehaviour[0]
      Handled GetMobileConnectionsByEmployeeQuery
info: CompensationBenefits.Application.Common.Behaviours.LoggingBehaviour[0]
      Handling CreateMobileConnectionCommand: CreateMobileConnectionCommand { ConnId = 6011, EmpSysId = 501, Type = C, PhoneNo = 9000000099, CalendarId = 1, CreatedBy = 1, EffDate = 01-04-2026 00:00:00 }
info: CompensationBenefits.Application.Common.Behaviours.LoggingBehaviour[0]
      Handled CreateMobileConnectionCommand
info: CompensationBenefits.Application.Common.Behaviours.LoggingBehaviour[0]
      Handling GetAllSalariesQuery: GetAllSalariesQuery { }
info: CompensationBenefits.Application.Common.Behaviours.LoggingBehaviour[0]
      Handled GetAllSalariesQuery
info: CompensationBenefits.Application.Common.Behaviours.LoggingBehaviour[0]
      Handling GetAllSalaryStructuresQuery: GetAllSalaryStructuresQuery { }
info: CompensationBenefits.Application.Common.Behaviours.LoggingBehaviour[0]
      Handled GetAllSalaryStructuresQuery
info: CompensationBenefits.Application.Common.Behaviours.LoggingBehaviour[0]
      Handling GetAllSalaryStructuresQuery: GetAllSalaryStructuresQuery { }
info: CompensationBenefits.Application.Common.Behaviours.LoggingBehaviour[0]
      Handled GetAllSalaryStructuresQuery
info: CompensationBenefits.Application.Common.Behaviours.LoggingBehaviour[0]
      Handling CreateSalaryStructureCommand: CreateSalaryStructureCommand { StructureId = 9996, UnitId = 1, Name = Final Test, GradeCategory = FNL, GradeId = 1, Type = C, CtcMin = 500000, CtcMax = 2000000, FooterId = 1, CreatedBy = 1 }
info: CompensationBenefits.Application.EventHandlers.SalaryStructureCreatedDomainEventHandler[0]
      Salary Structure 9996 'Final Test' created
info: CompensationBenefits.Application.Common.Behaviours.LoggingBehaviour[0]
      Handled CreateSalaryStructureCommand
info: CompensationBenefits.Application.Common.Behaviours.LoggingBehaviour[0]
      Handling GetAllSalariesQuery: GetAllSalariesQuery { }
info: CompensationBenefits.Application.Common.Behaviours.LoggingBehaviour[0]
      Handled GetAllSalariesQuery
info: CompensationBenefits.Application.Common.Behaviours.LoggingBehaviour[0]
      Handling CreateSalaryCommand: CreateSalaryCommand { SalaryId = 8876, SalaryType = F, SalaryCTC = 600000, SalaryStructureId = 1, SalaryFooterId = 1, CreatedBy = 1 }
info: CompensationBenefits.Application.EventHandlers.SalaryCreatedDomainEventHandler[0]
      Salary 8876 created with CTC 600000
info: CompensationBenefits.Application.Common.Behaviours.LoggingBehaviour[0]
      Handled CreateSalaryCommand
info: CompensationBenefits.Application.Common.Behaviours.LoggingBehaviour[0]
      Handling CancelSalaryCommand: CancelSalaryCommand { SalaryId = 8876, CancelledBy = 1 }
info: CompensationBenefits.Application.Common.Behaviours.LoggingBehaviour[0]
      Handled CancelSalaryCommand
info: CompensationBenefits.Application.Common.Behaviours.LoggingBehaviour[0]
      Handling GetAllMediclainsQuery: GetAllMediclainsQuery { }
info: CompensationBenefits.Application.Common.Behaviours.LoggingBehaviour[0]
      Handled GetAllMediclainsQuery
info: CompensationBenefits.Application.Common.Behaviours.LoggingBehaviour[0]
      Handling CreateMediclaimCommand: CreateMediclaimCommand { MediclaimId = 6010, RefName = Final Mediclaim, Type = F, PaidBy = C, StartDate = 01-04-2026 00:00:00, CloseDate = 31-03-2027 00:00:00 }
info: CompensationBenefits.Application.EventHandlers.MediclaimUpdatedDomainEventHandler[0]
      Mediclaim 6010 updated: Final Mediclaim
info: CompensationBenefits.Application.Common.Behaviours.LoggingBehaviour[0]
      Handled CreateMediclaimCommand
info: CompensationBenefits.Application.Common.Behaviours.LoggingBehaviour[0]
      Handling GetMobileConnectionsByEmployeeQuery: GetMobileConnectionsByEmployeeQuery { EmpSysId = 501 }
info: CompensationBenefits.Application.Common.Behaviours.LoggingBehaviour[0]
      Handled GetMobileConnectionsByEmployeeQuery
info: CompensationBenefits.Application.Common.Behaviours.LoggingBehaviour[0]
      Handling CreateMobileConnectionCommand: CreateMobileConnectionCommand { ConnId = 6010, EmpSysId = 501, Type = C, PhoneNo = 9000009999, CalendarId = 1, CreatedBy = 1, EffDate = 01-04-2026 00:00:00 }
info: CompensationBenefits.Application.Common.Behaviours.LoggingBehaviour[0]
      Handled CreateMobileConnectionCommand
info: CompensationBenefits.Application.Common.Behaviours.LoggingBehaviour[0]
      Handling GetAllSalariesQuery: GetAllSalariesQuery { }
info: CompensationBenefits.Application.Common.Behaviours.LoggingBehaviour[0]
      Handled GetAllSalariesQuery
info: CompensationBenefits.Application.Common.Behaviours.LoggingBehaviour[0]
      Handling GetAllSalaryStructuresQuery: GetAllSalaryStructuresQuery { }
info: CompensationBenefits.Application.Common.Behaviours.LoggingBehaviour[0]
      Handled GetAllSalaryStructuresQuery
info: CompensationBenefits.Application.Common.Behaviours.LoggingBehaviour[0]
      Handling GetAllSalariesQuery: GetAllSalariesQuery { }
info: CompensationBenefits.Application.Common.Behaviours.LoggingBehaviour[0]
      Handled GetAllSalariesQuery
info: CompensationBenefits.Application.Common.Behaviours.LoggingBehaviour[0]
      Handling GetAllSalaryStructuresQuery: GetAllSalaryStructuresQuery { }
info: CompensationBenefits.Application.Common.Behaviours.LoggingBehaviour[0]
      Handled GetAllSalaryStructuresQuery
info: CompensationBenefits.Application.Common.Behaviours.LoggingBehaviour[0]
      Handling GetSalaryByIdQuery: GetSalaryByIdQuery { SalaryId = 2001 }
info: CompensationBenefits.Application.Common.Behaviours.LoggingBehaviour[0]
      Handled GetSalaryByIdQuery
info: CompensationBenefits.Application.Common.Behaviours.LoggingBehaviour[0]
      Handling GetAllMediclainsQuery: GetAllMediclainsQuery { }
info: CompensationBenefits.Application.Common.Behaviours.LoggingBehaviour[0]
      Handled GetAllMediclainsQuery
info: CompensationBenefits.Application.Common.Behaviours.LoggingBehaviour[0]
      Handling CreateSalaryCommand: CreateSalaryCommand { SalaryId = 6501, SalaryType = C, SalaryCTC = 500000, SalaryStructureId = 1, SalaryFooterId = 1, CreatedBy = 1 }
info: CompensationBenefits.Application.EventHandlers.SalaryCreatedDomainEventHandler[0]
      Salary 6501 created with CTC 500000
info: CompensationBenefits.Application.Common.Behaviours.LoggingBehaviour[0]
      Handled CreateSalaryCommand
info: CompensationBenefits.Application.Common.Behaviours.LoggingBehaviour[0]
      Handling CreateSalaryStructureCommand: CreateSalaryStructureCommand { StructureId = 6502, UnitId = 1, Name = Band Z, GradeCategory = BNZ, GradeId = 1, Type = C, CtcMin = 100000, CtcMax = 400000, FooterId = 1, CreatedBy = 1 }
info: CompensationBenefits.Application.EventHandlers.SalaryStructureCreatedDomainEventHandler[0]
      Salary Structure 6502 'Band Z' created
info: CompensationBenefits.Application.Common.Behaviours.LoggingBehaviour[0]
      Handled CreateSalaryStructureCommand
info: CompensationBenefits.Application.Common.Behaviours.LoggingBehaviour[0]
      Handling CreateMediclaimCommand: CreateMediclaimCommand { MediclaimId = 6503, RefName = GQL TestClaim, Type = F, PaidBy = C, StartDate = 01-04-2026 00:00:00, CloseDate = 31-03-2027 00:00:00 }
info: CompensationBenefits.Application.EventHandlers.MediclaimUpdatedDomainEventHandler[0]
      Mediclaim 6503 updated: GQL TestClaim
info: CompensationBenefits.Application.Common.Behaviours.LoggingBehaviour[0]
      Handled CreateMediclaimCommand
info: CompensationBenefits.Application.Common.Behaviours.LoggingBehaviour[0]
      Handling GetAllSalariesQuery: GetAllSalariesQuery { }
info: CompensationBenefits.Application.Common.Behaviours.LoggingBehaviour[0]
      Handled GetAllSalariesQuery
info: CompensationBenefits.Application.Common.Behaviours.LoggingBehaviour[0]
      Handling GetAllSalaryStructuresQuery: GetAllSalaryStructuresQuery { }
info: CompensationBenefits.Application.Common.Behaviours.LoggingBehaviour[0]
      Handled GetAllSalaryStructuresQuery
info: CompensationBenefits.Application.Common.Behaviours.LoggingBehaviour[0]
      Handling GetAllMediclainsQuery: GetAllMediclainsQuery { }
info: CompensationBenefits.Application.Common.Behaviours.LoggingBehaviour[0]
      Handled GetAllMediclainsQuery
info: CompensationBenefits.Application.Common.Behaviours.LoggingBehaviour[0]
      Handling CreateSalaryCommand: CreateSalaryCommand { SalaryId = 6400, SalaryType = C, SalaryCTC = 500000, SalaryStructureId = 1, SalaryFooterId = 1, CreatedBy = 1 }
info: CompensationBenefits.Application.EventHandlers.SalaryCreatedDomainEventHandler[0]
      Salary 6400 created with CTC 500000
info: CompensationBenefits.Application.Common.Behaviours.LoggingBehaviour[0]
      Handled CreateSalaryCommand
info: CompensationBenefits.Application.Common.Behaviours.LoggingBehaviour[0]
      Handling CreateSalaryStructureCommand: CreateSalaryStructureCommand { StructureId = 6401, UnitId = 1, Name = Band Final, GradeCategory = BNF, GradeId = 1, Type = C, CtcMin = 100000, CtcMax = 400000, FooterId = 1, CreatedBy = 1 }
info: CompensationBenefits.Application.EventHandlers.SalaryStructureCreatedDomainEventHandler[0]
      Salary Structure 6401 'Band Final' created
info: CompensationBenefits.Application.Common.Behaviours.LoggingBehaviour[0]
      Handled CreateSalaryStructureCommand
info: CompensationBenefits.Application.Common.Behaviours.LoggingBehaviour[0]
      Handling CreateMediclaimCommand: CreateMediclaimCommand { MediclaimId = 6402, RefName = GQL Claim, Type = F, PaidBy = C, StartDate = 01-04-2026 00:00:00, CloseDate = 31-03-2027 00:00:00 }
info: CompensationBenefits.Application.EventHandlers.MediclaimUpdatedDomainEventHandler[0]
      Mediclaim 6402 updated: GQL Claim
info: CompensationBenefits.Application.Common.Behaviours.LoggingBehaviour[0]
      Handled CreateMediclaimCommand
