Using launch settings from e:\ERPMicroservice\src\Services\hrServicess\compensationbenefitsServices\src\CompensationBenefits.API\Properties\launchSettings.json...
Building...
e:\ERPMicroservice\src\Services\hrServicess\compensationbenefitsServices\src\CompensationBenefits.Application\CompensationBenefits.Application.csproj : warning NU1903: Package 'AutoMapper' 12.0.1 has a known high severity vulnerability, https://github.com/advisories/GHSA-rvv3-g6hj-g44x [e:\ERPMicroservice\src\Services\hrServicess\compensationbenefitsServices\src\CompensationBenefits.API\CompensationBenefits.API.csproj]
e:\ERPMicroservice\src\Services\hrServicess\compensationbenefitsServices\src\CompensationBenefits.Infrastructure\CompensationBenefits.Infrastructure.csproj : warning NU1903: Package 'AutoMapper' 12.0.1 has a known high severity vulnerability, https://github.com/advisories/GHSA-rvv3-g6hj-g44x [e:\ERPMicroservice\src\Services\hrServicess\compensationbenefitsServices\src\CompensationBenefits.API\CompensationBenefits.API.csproj]
e:\ERPMicroservice\src\Services\hrServicess\compensationbenefitsServices\src\CompensationBenefits.API\CompensationBenefits.API.csproj : warning NU1903: Package 'AutoMapper' 12.0.1 has a known high severity vulnerability, https://github.com/advisories/GHSA-rvv3-g6hj-g44x
e:\ERPMicroservice\src\Services\hrServicess\compensationbenefitsServices\src\CompensationBenefits.API\CompensationBenefits.API.csproj : warning NU1903: Package 'AutoMapper' 12.0.1 has a known high severity vulnerability, https://github.com/advisories/GHSA-rvv3-g6hj-g44x
e:\ERPMicroservice\src\Services\hrServicess\compensationbenefitsServices\src\CompensationBenefits.Application\CompensationBenefits.Application.csproj : warning NU1903: Package 'AutoMapper' 12.0.1 has a known high severity vulnerability, https://github.com/advisories/GHSA-rvv3-g6hj-g44x
e:\ERPMicroservice\src\Services\hrServicess\compensationbenefitsServices\src\CompensationBenefits.Infrastructure\CompensationBenefits.Infrastructure.csproj : warning NU1903: Package 'AutoMapper' 12.0.1 has a known high severity vulnerability, https://github.com/advisories/GHSA-rvv3-g6hj-g44x
warn: LuckyPennySoftware.MediatR.License[0]
      You do not have a valid license key for the Lucky Penny software MediatR. This is allowed for development and testing scenarios. If you are running in production you are required to have a licensed version. Please visit https://luckypennysoftware.com to obtain a valid license.
info: Microsoft.Hosting.Lifetime[14]
      Now listening on: http://localhost:5009
info: Microsoft.Hosting.Lifetime[0]
      Application started. Press Ctrl+C to shut down.
info: Microsoft.Hosting.Lifetime[0]
      Hosting environment: Development
info: Microsoft.Hosting.Lifetime[0]
      Content root path: e:\ERPMicroservice\src\Services\hrServicess\compensationbenefitsServices\src\CompensationBenefits.API
warn: Microsoft.AspNetCore.HttpsPolicy.HttpsRedirectionMiddleware[3]
      Failed to determine the https port for redirect.
info: CompensationBenefits.Application.Common.Behaviours.LoggingBehaviour[0]
      Handling GetAllSalariesQuery: GetAllSalariesQuery { }
info: CompensationBenefits.Application.Common.Behaviours.LoggingBehaviour[0]
      Handled GetAllSalariesQuery
