Using launch settings from UserManagement.API\Properties\launchSettings.json...
info: UserManagement.API.BackgroundTasks.UserPolicyArchivalTask[0]
      UserPolicyArchivalTask started. Interval: 1.00:00:00
info: Microsoft.Hosting.Lifetime[14]
      Now listening on: http://localhost:5243
info: Microsoft.Hosting.Lifetime[0]
      Application started. Press Ctrl+C to shut down.
info: Microsoft.Hosting.Lifetime[0]
      Hosting environment: Development
info: Microsoft.Hosting.Lifetime[0]
      Content root path: E:\ERPMicroservice\src\Services\mainsparshServices\usermanagementServices\UserManagement.API
warn: UserManagement.Infrastructure.Messaging.Consumers.UserPolicyEventConsumer[0]
      UserPolicyEventConsumer could not connect to RabbitMQ. Retrying in 30 seconds...
      RabbitMQ.Client.Exceptions.BrokerUnreachableException: None of the specified endpoints were reachable
       ---> System.AggregateException: One or more errors occurred. (Connection failed, host 127.0.0.1:5672)
       ---> RabbitMQ.Client.Exceptions.ConnectFailureException: Connection failed, host 127.0.0.1:5672
       ---> System.Net.Sockets.SocketException (10061): No connection could be made because the target machine actively refused it.
         at System.Net.Sockets.Socket.AwaitableSocketAsyncEventArgs.ThrowException(SocketError error, CancellationToken cancellationToken)
         at System.Net.Sockets.Socket.AwaitableSocketAsyncEventArgs.System.Threading.Tasks.Sources.IValueTaskSource.GetResult(Int16 token)
         at System.Threading.Tasks.ValueTask.ValueTaskSourceAsTask.<>c.<.cctor>b__4_0(Object state)
      --- End of stack trace from previous location ---
         at RabbitMQ.Client.Impl.SocketFactory.ConnectUsingAddressFamilyAsync(IPEndPoint endpoint, Func`2 socketFactory, AddressFamily family, TimeSpan connectionTimeout, CancellationToken cancellationToken)
         --- End of inner exception stack trace ---
         at RabbitMQ.Client.Impl.SocketFactory.ConnectUsingAddressFamilyAsync(IPEndPoint endpoint, Func`2 socketFactory, AddressFamily family, TimeSpan connectionTimeout, CancellationToken cancellationToken)
         at RabbitMQ.Client.Impl.SocketFactory.OpenAsync(AmqpTcpEndpoint amqpTcpEndpoint, Func`2 socketFactory, TimeSpan connectionTimeout, CancellationToken cancellationToken)
         at RabbitMQ.Client.Impl.SocketFrameHandler.CreateAsync(AmqpTcpEndpoint amqpTcpEndpoint, Func`2 socketFactory, TimeSpan connectionTimeout, CancellationToken cancellationToken)
         at RabbitMQ.Client.ConnectionFactory.CreateFrameHandlerAsync(AmqpTcpEndpoint endpoint, CancellationToken cancellationToken)
         at RabbitMQ.Client.EndpointResolverExtensions.SelectOneAsync[T](IEndpointResolver resolver, Func`3 selector, CancellationToken cancellationToken)
         --- End of inner exception stack trace ---
         at RabbitMQ.Client.EndpointResolverExtensions.SelectOneAsync[T](IEndpointResolver resolver, Func`3 selector, CancellationToken cancellationToken)
         at RabbitMQ.Client.Framing.AutorecoveringConnection.CreateAsync(ConnectionConfig config, IEndpointResolver endpoints, CancellationToken cancellationToken)
         at RabbitMQ.Client.ConnectionFactory.CreateConnectionAsync(IEndpointResolver endpointResolver, String clientProvidedName, CancellationToken cancellationToken)
         --- End of inner exception stack trace ---
         at RabbitMQ.Client.ConnectionFactory.CreateConnectionAsync(IEndpointResolver endpointResolver, String clientProvidedName, CancellationToken cancellationToken)
         at UserManagement.Infrastructure.Messaging.Consumers.UserPolicyEventConsumer.ExecuteAsync(CancellationToken stoppingToken) in E:\ERPMicroservice\src\Services\mainsparshServices\usermanagementServices\UserManagement.Infrastructure\Messaging\Consumers\UserPolicyEventConsumer.cs:line 39
