Using launch settings from API\Properties\launchSettings.json...
Building...
E:\ERPMicroservice\src\Services\ddServices\compensationServices\src\Domain\CompensationService.Domain.csproj : warning NU1903: Package 'System.Text.Json' 8.0.0 has a known high severity vulnerability, https://github.com/advisories/GHSA-8g4q-xg66-9fp4 [E:\ERPMicroservice\src\Services\ddServices\compensationServices\src\API\CompensationService.API.csproj]
E:\ERPMicroservice\src\Services\ddServices\compensationServices\src\Application\CompensationService.Application.csproj : warning NU1903: Package 'AutoMapper' 13.0.1 has a known high severity vulnerability, https://github.com/advisories/GHSA-rvv3-g6hj-g44x [E:\ERPMicroservice\src\Services\ddServices\compensationServices\src\API\CompensationService.API.csproj]
E:\ERPMicroservice\src\Services\ddServices\compensationServices\src\Domain\CompensationService.Domain.csproj : warning NU1903: Package 'System.Text.Json' 8.0.0 has a known high severity vulnerability, https://github.com/advisories/GHSA-hh2w-p6rv-4g7w [E:\ERPMicroservice\src\Services\ddServices\compensationServices\src\API\CompensationService.API.csproj]
E:\ERPMicroservice\src\Services\ddServices\compensationServices\src\API\CompensationService.API.csproj : warning NU1902: Package 'System.IdentityModel.Tokens.Jwt' 7.0.3 has a known moderate severity vulnerability, https://github.com/advisories/GHSA-59j7-ghrg-fj52
E:\ERPMicroservice\src\Services\ddServices\compensationServices\src\API\CompensationService.API.csproj : warning NU1902: Package 'System.IdentityModel.Tokens.Jwt' 7.0.3 has a known moderate severity vulnerability, https://github.com/advisories/GHSA-59j7-ghrg-fj52
E:\ERPMicroservice\src\Services\ddServices\compensationServices\src\Application\CompensationService.Application.csproj : warning NU1903: Package 'AutoMapper' 13.0.1 has a known high severity vulnerability, https://github.com/advisories/GHSA-rvv3-g6hj-g44x
E:\ERPMicroservice\src\Services\ddServices\compensationServices\src\Domain\CompensationService.Domain.csproj : warning NU1903: Package 'System.Text.Json' 8.0.0 has a known high severity vulnerability, https://github.com/advisories/GHSA-8g4q-xg66-9fp4
E:\ERPMicroservice\src\Services\ddServices\compensationServices\src\Domain\CompensationService.Domain.csproj : warning NU1903: Package 'System.Text.Json' 8.0.0 has a known high severity vulnerability, https://github.com/advisories/GHSA-hh2w-p6rv-4g7w
warn: Microsoft.EntityFrameworkCore.Model.Validation[30003]
      The decimal property 'Id' is part of a key on entity type 'Budget'. If the configured precision and scale don't match the column type in the database, this will cause values to be silently truncated if they do not fit in the default precision and scale. Consider using a different property as the key, or make sure that the database column type matches the model configuration and enable decimal rounding warnings using 'SET NUMERIC_ROUNDABORT ON'.
warn: Microsoft.EntityFrameworkCore.Model.Validation[30003]
      The decimal property 'Id' is part of a key on entity type 'BudgetLog'. If the configured precision and scale don't match the column type in the database, this will cause values to be silently truncated if they do not fit in the default precision and scale. Consider using a different property as the key, or make sure that the database column type matches the model configuration and enable decimal rounding warnings using 'SET NUMERIC_ROUNDABORT ON'.
warn: Microsoft.EntityFrameworkCore.Model.Validation[30003]
      The decimal property 'Id' is part of a key on entity type 'CompensationLevel'. If the configured precision and scale don't match the column type in the database, this will cause values to be silently truncated if they do not fit in the default precision and scale. Consider using a different property as the key, or make sure that the database column type matches the model configuration and enable decimal rounding warnings using 'SET NUMERIC_ROUNDABORT ON'.
warn: Microsoft.EntityFrameworkCore.Model.Validation[30003]
      The decimal property 'Id' is part of a key on entity type 'CompensationPeriod'. If the configured precision and scale don't match the column type in the database, this will cause values to be silently truncated if they do not fit in the default precision and scale. Consider using a different property as the key, or make sure that the database column type matches the model configuration and enable decimal rounding warnings using 'SET NUMERIC_ROUNDABORT ON'.
warn: Microsoft.EntityFrameworkCore.Model.Validation[30003]
      The decimal property 'Id' is part of a key on entity type 'CompensationRecommendation'. If the configured precision and scale don't match the column type in the database, this will cause values to be silently truncated if they do not fit in the default precision and scale. Consider using a different property as the key, or make sure that the database column type matches the model configuration and enable decimal rounding warnings using 'SET NUMERIC_ROUNDABORT ON'.
info: Microsoft.EntityFrameworkCore.Database.Command[20101]
      Executed DbCommand (56ms) [Parameters=[], CommandType='Text', CommandTimeout='0']
      SELECT 1
info: Microsoft.EntityFrameworkCore.Database.Command[20101]
      Executed DbCommand (22ms) [Parameters=[], CommandType='Text', CommandTimeout='0']
      SELECT OBJECT_ID(N'[__EFMigrationsHistory]');
info: Microsoft.EntityFrameworkCore.Database.Command[20101]
      Executed DbCommand (1ms) [Parameters=[], CommandType='Text', CommandTimeout='0']
      SELECT 1
info: Microsoft.EntityFrameworkCore.Database.Command[20101]
      Executed DbCommand (1ms) [Parameters=[], CommandType='Text', CommandTimeout='0']
      SELECT OBJECT_ID(N'[__EFMigrationsHistory]');
info: Microsoft.EntityFrameworkCore.Database.Command[20101]
      Executed DbCommand (2ms) [Parameters=[], CommandType='Text', CommandTimeout='0']
      SELECT [MigrationId], [ProductVersion]
      FROM [__EFMigrationsHistory]
      ORDER BY [MigrationId];
info: Microsoft.EntityFrameworkCore.Migrations[20405]
      No migrations were applied. The database is already up to date.
dbug: Microsoft.Extensions.Hosting.Internal.Host[1]
      Hosting starting
info: Microsoft.AspNetCore.DataProtection.KeyManagement.XmlKeyManager[63]
      User profile is available. Using 'C:\Users\DELL\AppData\Local\ASP.NET\DataProtection-Keys' as key repository and Windows DPAPI to encrypt keys at rest.
fail: Microsoft.Extensions.Hosting.Internal.Host[11]
      Hosting failed to start
      System.IO.IOException: Failed to bind to address http://127.0.0.1:5000: address already in use.
       ---> Microsoft.AspNetCore.Connections.AddressInUseException: Only one usage of each socket address (protocol/network address/port) is normally permitted.
       ---> System.Net.Sockets.SocketException (10048): Only one usage of each socket address (protocol/network address/port) is normally permitted.
         at System.Net.Sockets.Socket.UpdateStatusAfterSocketErrorAndThrowException(SocketError error, Boolean disconnectOnFailure, String callerName)
         at System.Net.Sockets.Socket.DoBind(EndPoint endPointSnapshot, SocketAddress socketAddress)
         at System.Net.Sockets.Socket.Bind(EndPoint localEP)
         at Microsoft.AspNetCore.Server.Kestrel.Transport.Sockets.SocketTransportOptions.CreateDefaultBoundListenSocket(EndPoint endpoint)
         at Microsoft.AspNetCore.Server.Kestrel.Transport.Sockets.SocketConnectionListener.Bind()
         --- End of inner exception stack trace ---
         at Microsoft.AspNetCore.Server.Kestrel.Transport.Sockets.SocketConnectionListener.Bind()
         at Microsoft.AspNetCore.Server.Kestrel.Transport.Sockets.SocketTransportFactory.BindAsync(EndPoint endpoint, CancellationToken cancellationToken)
         at Microsoft.AspNetCore.Server.Kestrel.Core.Internal.Infrastructure.TransportManager.BindAsync(EndPoint endPoint, ConnectionDelegate connectionDelegate, EndpointConfig endpointConfig, CancellationToken cancellationToken)
         at Microsoft.AspNetCore.Server.Kestrel.Core.KestrelServerImpl.<>c__DisplayClass28_0`1.<<StartAsync>g__OnBind|0>d.MoveNext()
      --- End of stack trace from previous location ---
         at Microsoft.AspNetCore.Server.Kestrel.Core.Internal.AddressBinder.BindEndpointAsync(ListenOptions endpoint, AddressBindContext context, CancellationToken cancellationToken)
         --- End of inner exception stack trace ---
         at Microsoft.AspNetCore.Server.Kestrel.Core.Internal.AddressBinder.BindEndpointAsync(ListenOptions endpoint, AddressBindContext context, CancellationToken cancellationToken)
         at Microsoft.AspNetCore.Server.Kestrel.Core.LocalhostListenOptions.BindAsync(AddressBindContext context, CancellationToken cancellationToken)
         at Microsoft.AspNetCore.Server.Kestrel.Core.Internal.AddressBinder.AddressesStrategy.BindAsync(AddressBindContext context, CancellationToken cancellationToken)
         at Microsoft.AspNetCore.Server.Kestrel.Core.Internal.AddressBinder.BindAsync(ListenOptions[] listenOptions, AddressBindContext context, Func`2 useHttps, CancellationToken cancellationToken)
         at Microsoft.AspNetCore.Server.Kestrel.Core.KestrelServerImpl.BindAsync(CancellationToken cancellationToken)
         at Microsoft.AspNetCore.Server.Kestrel.Core.KestrelServerImpl.StartAsync[TContext](IHttpApplication`1 application, CancellationToken cancellationToken)
         at Microsoft.AspNetCore.Hosting.GenericWebHostService.StartAsync(CancellationToken cancellationToken)
         at Microsoft.Extensions.Hosting.Internal.Host.<StartAsync>b__15_1(IHostedService service, CancellationToken token)
         at Microsoft.Extensions.Hosting.Internal.Host.ForeachService[T](IEnumerable`1 services, CancellationToken token, Boolean concurrent, Boolean abortOnFirstException, List`1 exceptions, Func`3 operation)
dotnet : Unhandled 
exception. 
System.IO.IOException: 
Failed to bind to 
address 
http://127.0.0.1:5000: 
address already in use.
At line:1 char:1
+ dotnet run --project 
API *> out.log
+ ~~~~~~~~~~~~~~~~~~~~~~
~~~~~~~~~~~~~
    + CategoryInfo      
        : NotSpecified: 
(Unh    andled 
excep...already     in 
use.:String) [], R    
emoteException
    + 
FullyQualifiedErrorI    
d : NativeCommandError
 
 ---> Microsoft.AspNetCo
re.Connections.AddressIn
UseException: Only one 
usage of each socket 
address 
(protocol/network 
address/port) is 
normally permitted.
 ---> System.Net.Sockets
.SocketException 
(10048): Only one usage 
of each socket address 
(protocol/network 
address/port) is 
normally permitted.
   at System.Net.Sockets
.Socket.UpdateStatusAfte
rSocketErrorAndThrowExce
ption(SocketError 
error, Boolean 
disconnectOnFailure, 
String callerName)
   at System.Net.Sockets
.Socket.DoBind(EndPoint 
endPointSnapshot, 
SocketAddress 
socketAddress)
   at System.Net.Sockets
.Socket.Bind(EndPoint 
localEP)
   at Microsoft.AspNetCo
re.Server.Kestrel.Transp
ort.Sockets.SocketTransp
ortOptions.CreateDefault
BoundListenSocket(EndPoi
nt endpoint)
   at Microsoft.AspNetCo
re.Server.Kestrel.Transp
ort.Sockets.SocketConnec
tionListener.Bind()
   --- End of inner 
exception stack trace 
---
   at Microsoft.AspNetCo
re.Server.Kestrel.Transp
ort.Sockets.SocketConnec
tionListener.Bind()
   at Microsoft.AspNetCo
re.Server.Kestrel.Transp
ort.Sockets.SocketTransp
ortFactory.BindAsync(End
Point endpoint, 
CancellationToken 
cancellationToken)
   at Microsoft.AspNetCo
re.Server.Kestrel.Core.I
nternal.Infrastructure.T
ransportManager.BindAsyn
c(EndPoint endPoint, 
ConnectionDelegate 
connectionDelegate, 
EndpointConfig 
endpointConfig, 
CancellationToken 
cancellationToken)
   at Microsoft.AspNetCo
re.Server.Kestrel.Core.K
estrelServerImpl.<>c__Di
splayClass28_0`1.<<Start
Async>g__OnBind|0>d.Move
Next()
--- End of stack trace 
from previous location 
---
   at Microsoft.AspNetCo
re.Server.Kestrel.Core.I
nternal.AddressBinder.Bi
ndEndpointAsync(ListenOp
tions endpoint, 
AddressBindContext 
context, 
CancellationToken 
cancellationToken)
   --- End of inner 
exception stack trace 
---
   at Microsoft.AspNetCo
re.Server.Kestrel.Core.I
nternal.AddressBinder.Bi
ndEndpointAsync(ListenOp
tions endpoint, 
AddressBindContext 
context, 
CancellationToken 
cancellationToken)
   at Microsoft.AspNetCo
re.Server.Kestrel.Core.L
ocalhostListenOptions.Bi
ndAsync(AddressBindConte
xt context, 
CancellationToken 
cancellationToken)
   at Microsoft.AspNetCo
re.Server.Kestrel.Core.I
nternal.AddressBinder.Ad
dressesStrategy.BindAsyn
c(AddressBindContext 
context, 
CancellationToken 
cancellationToken)
   at Microsoft.AspNetCo
re.Server.Kestrel.Core.I
nternal.AddressBinder.Bi
ndAsync(ListenOptions[] 
listenOptions, 
AddressBindContext 
context, Func`2 
useHttps, 
CancellationToken 
cancellationToken)
   at Microsoft.AspNetCo
re.Server.Kestrel.Core.K
estrelServerImpl.BindAsy
nc(CancellationToken 
cancellationToken)
   at Microsoft.AspNetCo
re.Server.Kestrel.Core.K
estrelServerImpl.StartAs
ync[TContext](IHttpAppli
cation`1 application, 
CancellationToken 
cancellationToken)
   at Microsoft.AspNetCo
re.Hosting.GenericWebHos
tService.StartAsync(Canc
ellationToken 
cancellationToken)
   at Microsoft.Extensio
ns.Hosting.Internal.Host
.<StartAsync>b__15_1(IHo
stedService service, 
CancellationToken token)
   at Microsoft.Extensio
ns.Hosting.Internal.Host
.ForeachService[T](IEnum
erable`1 services, 
CancellationToken 
token, Boolean 
concurrent, Boolean 
abortOnFirstException, 
List`1 exceptions, 
Func`3 operation)
   at Microsoft.Extensio
ns.Hosting.Internal.Host
.StartAsync(Cancellation
Token cancellationToken)
   at Microsoft.Extensio
ns.Hosting.HostingAbstra
ctionsHostExtensions.Run
Async(IHost host, 
CancellationToken token)
   at Microsoft.Extensio
ns.Hosting.HostingAbstra
ctionsHostExtensions.Run
Async(IHost host, 
CancellationToken token)
   at Program.<Main>$(St
ring[] args) in E:\ERPMi
croservice\src\Services\
ddServices\compensationS
ervices\src\API\Program.
cs:line 182
   at 
Program.<Main>(String[] 
args)
